// Jest Snapshot v1, https://goo.gl/fbAQLP

exports[`Run test throw error if specified environment file does not exists 1`] = `[Error: Your env file does not exists. Please check again]`;
